../Core/Src/main.c:41:6:pack_u16_to_bytes	32	static
../Core/Src/main.c:58:6:start_adc_capture	8	static
../Core/Src/main.c:64:6:HAL_ADC_ConvCpltCallback	16	static
../Core/Src/main.c:72:6:HAL_SPI_TxRxCpltCallback	16	static
../Core/Src/main.c:80:6:HAL_SPI_ErrorCallback	16	static
../Core/Src/main.c:86:6:HAL_GPIO_EXTI_Callback	16	static
../Core/Src/main.c:94:5:main	24	static
../Core/Src/main.c:140:6:SystemClock_Config	88	static
../Core/Src/main.c:166:13:MX_ADC1_Init	24	static
../Core/Src/main.c:185:13:MX_SPI1_Init	8	static
../Core/Src/main.c:201:13:MX_TIM1_Init	96	static
../Core/Src/main.c:246:13:MX_DMA_Init	16	static
../Core/Src/main.c:258:13:MX_GPIO_Init	40	static
../Core/Src/main.c:283:6:Error_Handler	4	static,ignoring_inline_asm
