../Core/Src/main.c:34:6:pack_buffer	16	static
../Core/Src/main.c:50:6:HAL_ADC_ConvCpltCallback	16	static
../Core/Src/main.c:56:5:main	32	static
../Core/Src/main.c:106:6:SystemClock_Config	88	static
../Core/Src/main.c:143:13:MX_ADC1_Init	24	static
../Core/Src/main.c:168:13:MX_SPI1_Init	8	static
../Core/Src/main.c:187:13:MX_TIM2_Init	64	static
../Core/Src/main.c:234:13:MX_DMA_Init	16	static
../Core/Src/main.c:245:13:MX_GPIO_Init	40	static
../Core/Src/main.c:262:6:Error_Handler	16	static,ignoring_inline_asm
