../Core/Src/stm32f1xx_it.c:60:6:NMI_Handler	4	static
../Core/Src/stm32f1xx_it.c:74:6:HardFault_Handler	4	static
../Core/Src/stm32f1xx_it.c:88:6:MemManage_Handler	4	static
../Core/Src/stm32f1xx_it.c:102:6:BusFault_Handler	4	static
../Core/Src/stm32f1xx_it.c:116:6:UsageFault_Handler	4	static
../Core/Src/stm32f1xx_it.c:130:6:SVC_Handler	4	static
../Core/Src/stm32f1xx_it.c:141:6:DebugMon_Handler	4	static
../Core/Src/stm32f1xx_it.c:152:6:PendSV_Handler	4	static
../Core/Src/stm32f1xx_it.c:163:6:SysTick_Handler	8	static
../Core/Src/stm32f1xx_it.c:183:6:DMA1_Channel1_IRQHandler	8	static
../Core/Src/stm32f1xx_it.c:196:6:DMA1_Channel3_IRQHandler	8	static
