../Core/Src/stm32f1xx_it.c:26:6:NMI_Handler	4	static
../Core/Src/stm32f1xx_it.c:35:6:HardFault_Handler	4	static
../Core/Src/stm32f1xx_it.c:47:6:MemManage_Handler	4	static
../Core/Src/stm32f1xx_it.c:52:6:BusFault_Handler	4	static
../Core/Src/stm32f1xx_it.c:57:6:UsageFault_Handler	4	static
../Core/Src/stm32f1xx_it.c:62:6:SVC_Handler	4	static
../Core/Src/stm32f1xx_it.c:66:6:DebugMon_Handler	4	static
../Core/Src/stm32f1xx_it.c:70:6:PendSV_Handler	4	static
../Core/Src/stm32f1xx_it.c:74:6:SysTick_Handler	8	static
../Core/Src/stm32f1xx_it.c:84:6:DMA1_Channel1_IRQHandler	8	static
../Core/Src/stm32f1xx_it.c:90:6:DMA1_Channel2_IRQHandler	8	static
../Core/Src/stm32f1xx_it.c:96:6:DMA1_Channel3_IRQHandler	8	static
../Core/Src/stm32f1xx_it.c:102:6:EXTI4_IRQHandler	8	static
